Archive member included to satisfy reference by file (symbol)

c:/program files (x86)/atollic/truestudio for stm32 9.0.0/armtools/bin/../lib/gcc/arm-atollic-eabi/6.3.1/../../../../arm-atollic-eabi/lib/armv7e-m/fpu/fpv5-d16\libc_nano.a(lib_a-init.o)
                              startup\startup_stm32f769xx.o (__libc_init_array)

Allocating common symbols
Common symbol       size              file

uwTick              0x4               Drivers\STM32F7xx_HAL_Driver\Src\stm32f7xx_hal.o
pFlash              0x1c              Drivers\STM32F7xx_HAL_Driver\Src\stm32f7xx_hal_flash.o
hdma_dac1           0x60              Src\main.o
hdac                0x14              Src\main.o
htim6               0x40              Src\main.o

Discarded input sections

 .text          0x00000000        0x0 c:/program files (x86)/atollic/truestudio for stm32 9.0.0/armtools/bin/../lib/gcc/arm-atollic-eabi/6.3.1/armv7e-m/fpu/fpv5-d16/crti.o
 .data          0x00000000        0x0 c:/program files (x86)/atollic/truestudio for stm32 9.0.0/armtools/bin/../lib/gcc/arm-atollic-eabi/6.3.1/armv7e-m/fpu/fpv5-d16/crti.o
 .bss           0x00000000        0x0 c:/program files (x86)/atollic/truestudio for stm32 9.0.0/armtools/bin/../lib/gcc/arm-atollic-eabi/6.3.1/armv7e-m/fpu/fpv5-d16/crti.o
 .data          0x00000000        0x4 c:/program files (x86)/atollic/truestudio for stm32 9.0.0/armtools/bin/../lib/gcc/arm-atollic-eabi/6.3.1/armv7e-m/fpu/fpv5-d16/crtbegin.o
 .text          0x00000000        0x0 Drivers\STM32F7xx_HAL_Driver\Src\stm32f7xx_hal.o
 .data          0x00000000        0x0 Drivers\STM32F7xx_HAL_Driver\Src\stm32f7xx_hal.o
 .bss           0x00000000        0x0 Drivers\STM32F7xx_HAL_Driver\Src\stm32f7xx_hal.o
 .text.HAL_MspInit
                0x00000000        0x2 Drivers\STM32F7xx_HAL_Driver\Src\stm32f7xx_hal.o
 .text.HAL_MspDeInit
                0x00000000        0x2 Drivers\STM32F7xx_HAL_Driver\Src\stm32f7xx_hal.o
 .text.HAL_DeInit
                0x00000000       0x2c Drivers\STM32F7xx_HAL_Driver\Src\stm32f7xx_hal.o
 .text.HAL_Delay
                0x00000000       0x1a Drivers\STM32F7xx_HAL_Driver\Src\stm32f7xx_hal.o
 .text.HAL_SuspendTick
                0x00000000       0x10 Drivers\STM32F7xx_HAL_Driver\Src\stm32f7xx_hal.o
 .text.HAL_ResumeTick
                0x00000000       0x10 Drivers\STM32F7xx_HAL_Driver\Src\stm32f7xx_hal.o
 .text.HAL_GetHalVersion
                0x00000000        0x8 Drivers\STM32F7xx_HAL_Driver\Src\stm32f7xx_hal.o
 .text.HAL_GetREVID
                0x00000000        0xc Drivers\STM32F7xx_HAL_Driver\Src\stm32f7xx_hal.o
 .text.HAL_GetDEVID
                0x00000000       0x10 Drivers\STM32F7xx_HAL_Driver\Src\stm32f7xx_hal.o
 .text.HAL_GetUIDw0
                0x00000000        0xc Drivers\STM32F7xx_HAL_Driver\Src\stm32f7xx_hal.o
 .text.HAL_GetUIDw1
                0x00000000        0xc Drivers\STM32F7xx_HAL_Driver\Src\stm32f7xx_hal.o
 .text.HAL_GetUIDw2
                0x00000000        0xc Drivers\STM32F7xx_HAL_Driver\Src\stm32f7xx_hal.o
 .text.HAL_DBGMCU_EnableDBGSleepMode
                0x00000000       0x10 Drivers\STM32F7xx_HAL_Driver\Src\stm32f7xx_hal.o
 .text.HAL_DBGMCU_DisableDBGSleepMode
                0x00000000       0x10 Drivers\STM32F7xx_HAL_Driver\Src\stm32f7xx_hal.o
 .text.HAL_DBGMCU_EnableDBGStopMode
                0x00000000       0x10 Drivers\STM32F7xx_HAL_Driver\Src\stm32f7xx_hal.o
 .text.HAL_DBGMCU_DisableDBGStopMode
                0x00000000       0x10 Drivers\STM32F7xx_HAL_Driver\Src\stm32f7xx_hal.o
 .text.HAL_DBGMCU_EnableDBGStandbyMode
                0x00000000       0x10 Drivers\STM32F7xx_HAL_Driver\Src\stm32f7xx_hal.o
 .text.HAL_DBGMCU_DisableDBGStandbyMode
                0x00000000       0x10 Drivers\STM32F7xx_HAL_Driver\Src\stm32f7xx_hal.o
 .text.HAL_EnableCompensationCell
                0x00000000       0x10 Drivers\STM32F7xx_HAL_Driver\Src\stm32f7xx_hal.o
 .text.HAL_DisableCompensationCell
                0x00000000       0x10 Drivers\STM32F7xx_HAL_Driver\Src\stm32f7xx_hal.o
 .text.HAL_EnableFMCMemorySwapping
                0x00000000       0x10 Drivers\STM32F7xx_HAL_Driver\Src\stm32f7xx_hal.o
 .text.HAL_DisableFMCMemorySwapping
                0x00000000       0x10 Drivers\STM32F7xx_HAL_Driver\Src\stm32f7xx_hal.o
 .text.HAL_EnableMemorySwappingBank
                0x00000000       0x10 Drivers\STM32F7xx_HAL_Driver\Src\stm32f7xx_hal.o
 .text.HAL_DisableMemorySwappingBank
                0x00000000       0x10 Drivers\STM32F7xx_HAL_Driver\Src\stm32f7xx_hal.o
 .text          0x00000000        0x0 Drivers\STM32F7xx_HAL_Driver\Src\stm32f7xx_hal_cortex.o
 .data          0x00000000        0x0 Drivers\STM32F7xx_HAL_Driver\Src\stm32f7xx_hal_cortex.o
 .bss           0x00000000        0x0 Drivers\STM32F7xx_HAL_Driver\Src\stm32f7xx_hal_cortex.o
 .text.HAL_NVIC_DisableIRQ
                0x00000000       0x1c Drivers\STM32F7xx_HAL_Driver\Src\stm32f7xx_hal_cortex.o
 .text.HAL_NVIC_SystemReset
[...]
Memory Configuration

Name             Origin             Length             Attributes
RAM              0x20000000         0x00080000         xrw
FLASH            0x08000000         0x00200000         xr
*default*        0x00000000         0xffffffff

Linker script and memory map

LOAD c:/program files (x86)/atollic/truestudio for stm32 9.0.0/armtools/bin/../lib/gcc/arm-atollic-eabi/6.3.1/armv7e-m/fpu/fpv5-d16/crti.o
LOAD c:/program files (x86)/atollic/truestudio for stm32 9.0.0/armtools/bin/../lib/gcc/arm-atollic-eabi/6.3.1/armv7e-m/fpu/fpv5-d16/crtbegin.o
LOAD Drivers\STM32F7xx_HAL_Driver\Src\stm32f7xx_hal.o
LOAD Drivers\STM32F7xx_HAL_Driver\Src\stm32f7xx_hal_cortex.o
LOAD Drivers\STM32F7xx_HAL_Driver\Src\stm32f7xx_hal_dac.o
LOAD Drivers\STM32F7xx_HAL_Driver\Src\stm32f7xx_hal_dac_ex.o
LOAD Drivers\STM32F7xx_HAL_Driver\Src\stm32f7xx_hal_dma.o
LOAD Drivers\STM32F7xx_HAL_Driver\Src\stm32f7xx_hal_dma_ex.o
LOAD Drivers\STM32F7xx_HAL_Driver\Src\stm32f7xx_hal_flash.o
LOAD Drivers\STM32F7xx_HAL_Driver\Src\stm32f7xx_hal_flash_ex.o
LOAD Drivers\STM32F7xx_HAL_Driver\Src\stm32f7xx_hal_gpio.o
LOAD Drivers\STM32F7xx_HAL_Driver\Src\stm32f7xx_hal_i2c.o
LOAD Drivers\STM32F7xx_HAL_Driver\Src\stm32f7xx_hal_i2c_ex.o
LOAD Drivers\STM32F7xx_HAL_Driver\Src\stm32f7xx_hal_pwr.o
LOAD Drivers\STM32F7xx_HAL_Driver\Src\stm32f7xx_hal_pwr_ex.o
LOAD Drivers\STM32F7xx_HAL_Driver\Src\stm32f7xx_hal_rcc.o
LOAD Drivers\STM32F7xx_HAL_Driver\Src\stm32f7xx_hal_rcc_ex.o
LOAD Drivers\STM32F7xx_HAL_Driver\Src\stm32f7xx_hal_tim.o
LOAD Drivers\STM32F7xx_HAL_Driver\Src\stm32f7xx_hal_tim_ex.o
LOAD Src\main.o
LOAD Src\stm32f7xx_hal_msp.o
LOAD Src\stm32f7xx_it.o
LOAD Src\system_stm32f7xx.o
LOAD startup\startup_stm32f769xx.o
                0x00000080                malloc_getpagesize_P = 0x80
START GROUP
LOAD c:/program files (x86)/atollic/truestudio for stm32 9.0.0/armtools/bin/../lib/gcc/arm-atollic-eabi/6.3.1/../../../../arm-atollic-eabi/lib/armv7e-m/fpu/fpv5-d16\libc_nano.a
LOAD c:/program files (x86)/atollic/truestudio for stm32 9.0.0/armtools/bin/../lib/gcc/arm-atollic-eabi/6.3.1/../../../../arm-atollic-eabi/lib/armv7e-m/fpu/fpv5-d16\libm.a
END GROUP
START GROUP
LOAD c:/program files (x86)/atollic/truestudio for stm32 9.0.0/armtools/bin/../lib/gcc/arm-atollic-eabi/6.3.1/armv7e-m/fpu/fpv5-d16\libgcc.a
LOAD c:/program files (x86)/atollic/truestudio for stm32 9.0.0/armtools/bin/../lib/gcc/arm-atollic-eabi/6.3.1/../../../../arm-atollic-eabi/lib/armv7e-m/fpu/fpv5-d16\libc_nano.a
END GROUP
START GROUP
LOAD c:/program files (x86)/atollic/truestudio for stm32 9.0.0/armtools/bin/../lib/gcc/arm-atollic-eabi/6.3.1/armv7e-m/fpu/fpv5-d16\libgcc.a
LOAD c:/program files (x86)/atollic/truestudio for stm32 9.0.0/armtools/bin/../lib/gcc/arm-atollic-eabi/6.3.1/../../../../arm-atollic-eabi/lib/armv7e-m/fpu/fpv5-d16\libc_nano.a
LOAD c:/program files (x86)/atollic/truestudio for stm32 9.0.0/armtools/bin/../lib/gcc/arm-atollic-eabi/6.3.1/../../../../arm-atollic-eabi/lib/armv7e-m/fpu/fpv5-d16\libnosys.a
END GROUP
START GROUP
LOAD c:/program files (x86)/atollic/truestudio for stm32 9.0.0/armtools/bin/../lib/gcc/arm-atollic-eabi/6.3.1/armv7e-m/fpu/fpv5-d16\libgcc.a
LOAD c:/program files (x86)/atollic/truestudio for stm32 9.0.0/armtools/bin/../lib/gcc/arm-atollic-eabi/6.3.1/../../../../arm-atollic-eabi/lib/armv7e-m/fpu/fpv5-d16\libc_nano.a
LOAD c:/program files (x86)/atollic/truestudio for stm32 9.0.0/armtools/bin/../lib/gcc/arm-atollic-eabi/6.3.1/../../../../arm-atollic-eabi/lib/armv7e-m/fpu/fpv5-d16\libnosys.a
END GROUP
LOAD c:/program files (x86)/atollic/truestudio for stm32 9.0.0/armtools/bin/../lib/gcc/arm-atollic-eabi/6.3.1/armv7e-m/fpu/fpv5-d16/crtend.o
LOAD c:/program files (x86)/atollic/truestudio for stm32 9.0.0/armtools/bin/../lib/gcc/arm-atollic-eabi/6.3.1/armv7e-m/fpu/fpv5-d16/crtn.o
                0x20080000                _estack = 0x20080000
                0x00000200                _Min_Heap_Size = 0x200
                0x00000400                _Min_Stack_Size = 0x400

.isr_vector     0x08000000      0x1f8
                0x08000000                . = ALIGN (0x4)
 *(.isr_vector)
 .isr_vector    0x08000000      0x1f8 startup\startup_stm32f769xx.o
                0x08000000                g_pfnVectors
                0x080001f8                . = ALIGN (0x4)

.text           0x080001f8     0x199c
                0x080001f8                . = ALIGN (0x4)
 *(.text)
 .text          0x080001f8       0x40 c:/program files (x86)/atollic/truestudio for stm32 9.0.0/armtools/bin/../lib/gcc/arm-atollic-eabi/6.3.1/armv7e-m/fpu/fpv5-d16/crtbegin.o
 *(.text*)
 .text.HAL_InitTick
                0x08000238       0x28 Drivers\STM32F7xx_HAL_Driver\Src\stm32f7xx_hal.o
                0x08000238                HAL_InitTick
 .text.HAL_Init
                0x08000260       0x16 Drivers\STM32F7xx_HAL_Driver\Src\stm32f7xx_hal.o
                0x08000260                HAL_Init
 *fill*         0x08000276        0x2 
 .text.HAL_IncTick
                0x08000278       0x10 Drivers\STM32F7xx_HAL_Driver\Src\stm32f7xx_hal.o
                0x08000278                HAL_IncTick
 .text.HAL_GetTick
                0x08000288        0xc Drivers\STM32F7xx_HAL_Driver\Src\stm32f7xx_hal.o
                0x08000288                HAL_GetTick
 .text.HAL_NVIC_SetPriorityGrouping
                0x08000294       0x24 Drivers\STM32F7xx_HAL_Driver\Src\stm32f7xx_hal_cortex.o
                0x08000294                HAL_NVIC_SetPriorityGrouping
 .text.HAL_NVIC_SetPriority
                0x080002b8       0x70 Drivers\STM32F7xx_HAL_Driver\Src\stm32f7xx_hal_cortex.o
                0x080002b8                HAL_NVIC_SetPriority
 .text.HAL_NVIC_EnableIRQ
                0x08000328       0x18 Drivers\STM32F7xx_HAL_Driver\Src\stm32f7xx_hal_cortex.o
                0x08000328                HAL_NVIC_EnableIRQ
 .text.HAL_SYSTICK_Config
                0x08000340       0x2c Drivers\STM32F7xx_HAL_Driver\Src\stm32f7xx_hal_cortex.o
                0x08000340                HAL_SYSTICK_Config
 .text.HAL_SYSTICK_CLKSourceConfig
                0x0800036c       0x18 Drivers\STM32F7xx_HAL_Driver\Src\stm32f7xx_hal_cortex.o
                0x0800036c                HAL_SYSTICK_CLKSourceConfig
 .text.HAL_SYSTICK_Callback
                0x08000384        0x2 Drivers\STM32F7xx_HAL_Driver\Src\stm32f7xx_hal_cortex.o
                0x08000384                HAL_SYSTICK_Callback
 .text.HAL_SYSTICK_IRQHandler
                0x08000386        0x8 Drivers\STM32F7xx_HAL_Driver\Src\stm32f7xx_hal_cortex.o
                0x08000386                HAL_SYSTICK_IRQHandler
 .text.HAL_DAC_Init
                0x0800038e       0x26 Drivers\STM32F7xx_HAL_Driver\Src\stm32f7xx_hal_dac.o
                0x0800038e                HAL_DAC_Init
 .text.HAL_DAC_Start_DMA
                0x080003b4       0xc8 Drivers\STM32F7xx_HAL_Driver\Src\stm32f7xx_hal_dac.o
                0x080003b4                HAL_DAC_Start_DMA
 .text.DAC_DMAConvCpltCh1
                0x0800047c       0x10 Drivers\STM32F7xx_HAL_Driver\Src\stm32f7xx_hal_dac.o
 .text.HAL_DAC_ConvHalfCpltCallbackCh1
                0x0800048c        0x2 Drivers\STM32F7xx_HAL_Driver\Src\stm32f7xx_hal_dac.o
                0x0800048c                HAL_DAC_ConvHalfCpltCallbackCh1
 .text.DAC_DMAHalfConvCpltCh1
                0x0800048e        0xa Drivers\STM32F7xx_HAL_Driver\Src\stm32f7xx_hal_dac.o
 .text.HAL_DAC_ErrorCallbackCh1
                0x08000498        0x2 Drivers\STM32F7xx_HAL_Driver\Src\stm32f7xx_hal_dac.o
                0x08000498                HAL_DAC_ErrorCallbackCh1
 .text.DAC_DMAErrorCh1
                0x0800049a       0x18 Drivers\STM32F7xx_HAL_Driver\Src\stm32f7xx_hal_dac.o
 .text.HAL_DAC_DMAUnderrunCallbackCh1
                0x080004b2        0x2 Drivers\STM32F7xx_HAL_Driver\Src\stm32f7xx_hal_dac.o
                0x080004b2                HAL_DAC_DMAUnderrunCallbackCh1
 .text.HAL_DAC_IRQHandler
                0x080004b4       0x58 Drivers\STM32F7xx_HAL_Driver\Src\stm32f7xx_hal_dac.o
                0x080004b4                HAL_DAC_IRQHandler
 .text.HAL_DAC_ConfigChannel
                0x0800050c       0x40 Drivers\STM32F7xx_HAL_Driver\Src\stm32f7xx_hal_dac.o
                0x0800050c                HAL_DAC_ConfigChannel
 .text.HAL_DACEx_ConvCpltCallbackCh2
                0x0800054c        0x2 Drivers\STM32F7xx_HAL_Driver\Src\stm32f7xx_hal_dac_ex.o
                0x0800054c                HAL_DACEx_ConvCpltCallbackCh2
 .text.HAL_DACEx_ConvHalfCpltCallbackCh2
                0x0800054e        0x2 Drivers\STM32F7xx_HAL_Driver\Src\stm32f7xx_hal_dac_ex.o
                0x0800054e                HAL_DACEx_ConvHalfCpltCallbackCh2
 .text.HAL_DACEx_ErrorCallbackCh2
                0x08000550        0x2 Drivers\STM32F7xx_HAL_Driver\Src\stm32f7xx_hal_dac_ex.o
                0x08000550                HAL_DACEx_ErrorCallbackCh2
 .text.HAL_DACEx_DMAUnderrunCallbackCh2
                0x08000552        0x2 Drivers\STM32F7xx_HAL_Driver\Src\stm32f7xx_hal_dac_ex.o
                0x08000552                HAL_DACEx_DMAUnderrunCallbackCh2
 .text.DAC_DMAConvCpltCh2
                0x08000554       0x10 Drivers\STM32F7xx_HAL_Driver\Src\stm32f7xx_hal_dac_ex.o
                0x08000554                DAC_DMAConvCpltCh2
 .text.DAC_DMAHalfConvCpltCh2
                0x08000564        0xa Drivers\STM32F7xx_HAL_Driver\Src\stm32f7xx_hal_dac_ex.o
                0x08000564                DAC_DMAHalfConvCpltCh2
 .text.DAC_DMAErrorCh2
                0x0800056e       0x18 Drivers\STM32F7xx_HAL_Driver\Src\stm32f7xx_hal_dac_ex.o
                0x0800056e                DAC_DMAErrorCh2
 *fill*         0x08000586        0x2 
 .text.DMA_CalcBaseAndBitshift
                0x08000588       0x2c Drivers\STM32F7xx_HAL_Driver\Src\stm32f7xx_hal_dma.o
 .text.HAL_DMA_Init
                0x080005b4       0xfc Drivers\STM32F7xx_HAL_Driver\Src\stm32f7xx_hal_dma.o
                0x080005b4                HAL_DMA_Init
 .text.HAL_DMA_Start_IT
                0x080006b0       0x7a Drivers\STM32F7xx_HAL_Driver\Src\stm32f7xx_hal_dma.o
                0x080006b0                HAL_DMA_Start_IT
 *fill*         0x0800072a        0x2 
 .text.HAL_DMA_IRQHandler
                0x0800072c      0x17c Drivers\STM32F7xx_HAL_Driver\Src\stm32f7xx_hal_dma.o
                0x0800072c                HAL_DMA_IRQHandler
 .text.HAL_GPIO_Init
                0x080008a8      0x1d4 Drivers\STM32F7xx_HAL_Driver\Src\stm32f7xx_hal_gpio.o
                0x080008a8                HAL_GPIO_Init
 .text.HAL_GPIO_TogglePin
                0x08000a7c        0x8 Drivers\STM32F7xx_HAL_Driver\Src\stm32f7xx_hal_gpio.o
                0x08000a7c                HAL_GPIO_TogglePin
 .text.HAL_RCC_OscConfig
                0x08000a84      0x328 Drivers\STM32F7xx_HAL_Driver\Src\stm32f7xx_hal_rcc.o
                0x08000a84                HAL_RCC_OscConfig
 .text.HAL_RCC_GetSysClockFreq
                0x08000dac       0x54 Drivers\STM32F7xx_HAL_Driver\Src\stm32f7xx_hal_rcc.o
                0x08000dac                HAL_RCC_GetSysClockFreq
 .text.HAL_RCC_ClockConfig
                0x08000e00      0x120 Drivers\STM32F7xx_HAL_Driver\Src\stm32f7xx_hal_rcc.o
                0x08000e00                HAL_RCC_ClockConfig
 .text.HAL_RCC_GetHCLKFreq
                0x08000f20        0xc Drivers\STM32F7xx_HAL_Driver\Src\stm32f7xx_hal_rcc.o
                0x08000f20                HAL_RCC_GetHCLKFreq
 .text.HAL_TIM_Base_Start
                0x08000f2c       0x1a Drivers\STM32F7xx_HAL_Driver\Src\stm32f7xx_hal_tim.o
                0x08000f2c                HAL_TIM_Base_Start
 .text.HAL_TIM_PeriodElapsedCallback
                0x08000f46        0x2 Drivers\STM32F7xx_HAL_Driver\Src\stm32f7xx_hal_tim.o
                0x08000f46                HAL_TIM_PeriodElapsedCallback
 .text.HAL_TIM_OC_DelayElapsedCallback
                0x08000f48        0x2 Drivers\STM32F7xx_HAL_Driver\Src\stm32f7xx_hal_tim.o
                0x08000f48                HAL_TIM_OC_DelayElapsedCallback
 .text.HAL_TIM_IC_CaptureCallback
                0x08000f4a        0x2 Drivers\STM32F7xx_HAL_Driver\Src\stm32f7xx_hal_tim.o
                0x08000f4a                HAL_TIM_IC_CaptureCallback
 .text.HAL_TIM_PWM_PulseFinishedCallback
                0x08000f4c        0x2 Drivers\STM32F7xx_HAL_Driver\Src\stm32f7xx_hal_tim.o
                0x08000f4c                HAL_TIM_PWM_PulseFinishedCallback
 .text.HAL_TIM_TriggerCallback
                0x08000f4e        0x2 Drivers\STM32F7xx_HAL_Driver\Src\stm32f7xx_hal_tim.o
                0x08000f4e                HAL_TIM_TriggerCallback
 .text.HAL_TIM_IRQHandler
                0x08000f50      0x160 Drivers\STM32F7xx_HAL_Driver\Src\stm32f7xx_hal_tim.o
                0x08000f50                HAL_TIM_IRQHandler
 .text.TIM_Base_SetConfig
                0x080010b0       0xd0 Drivers\STM32F7xx_HAL_Driver\Src\stm32f7xx_hal_tim.o
                0x080010b0                TIM_Base_SetConfig
 .text.HAL_TIM_Base_Init
                0x08001180       0x34 Drivers\STM32F7xx_HAL_Driver\Src\stm32f7xx_hal_tim.o
                0x08001180                HAL_TIM_Base_Init
 .text.HAL_TIMEx_MasterConfigSynchronization
                0x080011b4       0x4c Drivers\STM32F7xx_HAL_Driver\Src\stm32f7xx_hal_tim_ex.o
                0x080011b4                HAL_TIMEx_MasterConfigSynchronization
 .text.HAL_TIMEx_CommutationCallback
                0x08001200        0x2 Drivers\STM32F7xx_HAL_Driver\Src\stm32f7xx_hal_tim_ex.o
                0x08001200                HAL_TIMEx_CommutationCallback
 .text.HAL_TIMEx_BreakCallback
                0x08001202        0x2 Drivers\STM32F7xx_HAL_Driver\Src\stm32f7xx_hal_tim_ex.o
                0x08001202                HAL_TIMEx_BreakCallback
 .text.SystemClock_Config
                0x08001204       0x90 Src\main.o
                0x08001204                SystemClock_Config
 .text.startup.main
                0x08001294      0x690 Src\main.o
                0x08001294                main
 .text.HAL_DAC_ConvCpltCallbackCh1
                0x08001924        0xc Src\main.o
                0x08001924                HAL_DAC_ConvCpltCallbackCh1
 .text._Error_Handler
                0x08001930        0x2 Src\main.o
                0x08001930                _Error_Handler
 .text.HAL_MspInit
                0x08001932       0x60 Src\stm32f7xx_hal_msp.o
                0x08001932                HAL_MspInit
 *fill*         0x08001992        0x2 
 .text.HAL_DAC_MspInit
                0x08001994       0xa0 Src\stm32f7xx_hal_msp.o
                0x08001994                HAL_DAC_MspInit
 .text.HAL_TIM_Base_MspInit
                0x08001a34       0x28 Src\stm32f7xx_hal_msp.o
                0x08001a34                HAL_TIM_Base_MspInit
 .text.SysTick_Handler
                0x08001a5c        0xe Src\stm32f7xx_it.o
                0x08001a5c                SysTick_Handler
 *fill*         0x08001a6a        0x2 
 .text.DMA1_Stream5_IRQHandler
                0x08001a6c        0xc Src\stm32f7xx_it.o
                0x08001a6c                DMA1_Stream5_IRQHandler
 .text.TIM6_DAC_IRQHandler
                0x08001a78       0x1c Src\stm32f7xx_it.o
                0x08001a78                TIM6_DAC_IRQHandler
 .text.SystemInit
                0x08001a94       0x4c Src\system_stm32f7xx.o
                0x08001a94                SystemInit
 .text.Reset_Handler
                0x08001ae0       0x50 startup\startup_stm32f769xx.o
                0x08001ae0                Reset_Handler
 .text.Default_Handler
                0x08001b30        0x2 startup\startup_stm32f769xx.o
                0x08001b30                RTC_Alarm_IRQHandler
                0x08001b30                EXTI2_IRQHandler
                0x08001b30                TIM8_CC_IRQHandler
                0x08001b30                DebugMon_Handler
                0x08001b30                UART8_IRQHandler
                0x08001b30                SPI4_IRQHandler
                0x08001b30                TIM1_CC_IRQHandler
                0x08001b30                DMA2_Stream5_IRQHandler
                0x08001b30                HardFault_Handler
                0x08001b30                JPEG_IRQHandler
                0x08001b30                CAN3_RX1_IRQHandler
                0x08001b30                PVD_IRQHandler
                0x08001b30                TAMP_STAMP_IRQHandler
                0x08001b30                PendSV_Handler
                0x08001b30                NMI_Handler
                0x08001b30                CAN2_RX1_IRQHandler
                0x08001b30                EXTI3_IRQHandler
                0x08001b30                TIM8_TRG_COM_TIM14_IRQHandler
                0x08001b30                DFSDM1_FLT1_IRQHandler
                0x08001b30                TIM1_UP_TIM10_IRQHandler
                0x08001b30                TIM8_UP_TIM13_IRQHandler
                0x08001b30                I2C3_ER_IRQHandler
                0x08001b30                DFSDM1_FLT2_IRQHandler
                0x08001b30                EXTI0_IRQHandler
                0x08001b30                I2C2_EV_IRQHandler
                0x08001b30                DMA1_Stream2_IRQHandler
                0x08001b30                CAN1_RX0_IRQHandler
                0x08001b30                FPU_IRQHandler
                0x08001b30                OTG_HS_WKUP_IRQHandler
                0x08001b30                CAN3_SCE_IRQHandler
                0x08001b30                UsageFault_Handler
                0x08001b30                LTDC_ER_IRQHandler
                0x08001b30                CAN2_SCE_IRQHandler
                0x08001b30                DMA2_Stream2_IRQHandler
                0x08001b30                SPI1_IRQHandler
                0x08001b30                TIM1_BRK_TIM9_IRQHandler
                0x08001b30                DCMI_IRQHandler
                0x08001b30                CAN2_RX0_IRQHandler
                0x08001b30                DMA2_Stream3_IRQHandler
                0x08001b30                SAI2_IRQHandler
                0x08001b30                DFSDM1_FLT3_IRQHandler
                0x08001b30                USART6_IRQHandler
                0x08001b30                CAN3_RX0_IRQHandler
                0x08001b30                USART3_IRQHandler
                0x08001b30                CAN1_RX1_IRQHandler
                0x08001b30                UART5_IRQHandler
                0x08001b30                DMA2_Stream0_IRQHandler
                0x08001b30                TIM4_IRQHandler
                0x08001b30                QUADSPI_IRQHandler
                0x08001b30                I2C1_EV_IRQHandler
                0x08001b30                DMA1_Stream6_IRQHandler
                0x08001b30                DMA1_Stream1_IRQHandler
                0x08001b30                UART4_IRQHandler
                0x08001b30                TIM3_IRQHandler
                0x08001b30                RCC_IRQHandler
                0x08001b30                TIM8_BRK_TIM12_IRQHandler
                0x08001b30                Default_Handler
                0x08001b30                CEC_IRQHandler
                0x08001b30                EXTI15_10_IRQHandler
                0x08001b30                ADC_IRQHandler
                0x08001b30                DMA1_Stream7_IRQHandler
                0x08001b30                SPI5_IRQHandler
                0x08001b30                TIM7_IRQHandler
                0x08001b30                SDMMC1_IRQHandler
                0x08001b30                CAN2_TX_IRQHandler
                0x08001b30                TIM5_IRQHandler
                0x08001b30                DMA2_Stream7_IRQHandler
                0x08001b30                I2C3_EV_IRQHandler
                0x08001b30                EXTI9_5_IRQHandler
                0x08001b30                RTC_WKUP_IRQHandler
                0x08001b30                LTDC_IRQHandler
                0x08001b30                ETH_WKUP_IRQHandler
                0x08001b30                SPDIF_RX_IRQHandler
                0x08001b30                SPI2_IRQHandler
                0x08001b30                OTG_HS_EP1_IN_IRQHandler
                0x08001b30                MemManage_Handler
                0x08001b30                DMA1_Stream0_IRQHandler
                0x08001b30                CAN1_TX_IRQHandler
                0x08001b30                SVC_Handler
                0x08001b30                EXTI4_IRQHandler
                0x08001b30                RNG_IRQHandler
                0x08001b30                DSI_IRQHandler
                0x08001b30                ETH_IRQHandler
                0x08001b30                OTG_HS_EP1_OUT_IRQHandler
                0x08001b30                WWDG_IRQHandler
                0x08001b30                SPI6_IRQHandler
                0x08001b30                MDIOS_IRQHandler
                0x08001b30                I2C4_EV_IRQHandler
                0x08001b30                CAN3_TX_IRQHandler
                0x08001b30                TIM2_IRQHandler
                0x08001b30                OTG_FS_WKUP_IRQHandler
                0x08001b30                TIM1_TRG_COM_TIM11_IRQHandler
                0x08001b30                OTG_HS_IRQHandler
                0x08001b30                DMA2D_IRQHandler
                0x08001b30                EXTI1_IRQHandler
                0x08001b30                SDMMC2_IRQHandler
                0x08001b30                UART7_IRQHandler
                0x08001b30                USART2_IRQHandler
                0x08001b30                DFSDM1_FLT0_IRQHandler
                0x08001b30                I2C2_ER_IRQHandler
                0x08001b30                DMA2_Stream1_IRQHandler
                0x08001b30                CAN1_SCE_IRQHandler
                0x08001b30                FLASH_IRQHandler
                0x08001b30                DMA2_Stream4_IRQHandler
                0x08001b30                BusFault_Handler
                0x08001b30                USART1_IRQHandler
                0x08001b30                OTG_FS_IRQHandler
                0x08001b30                SPI3_IRQHandler
                0x08001b30                DMA1_Stream4_IRQHandler
                0x08001b30                I2C1_ER_IRQHandler
                0x08001b30                FMC_IRQHandler
                0x08001b30                LPTIM1_IRQHandler
                0x08001b30                I2C4_ER_IRQHandler
                0x08001b30                DMA2_Stream6_IRQHandler
                0x08001b30                SAI1_IRQHandler
                0x08001b30                DMA1_Stream3_IRQHandler
 *fill*         0x08001b32        0x2 
 .text.__libc_init_array
                0x08001b34       0x48 c:/program files (x86)/atollic/truestudio for stm32 9.0.0/armtools/bin/../lib/gcc/arm-atollic-eabi/6.3.1/../../../../arm-atollic-eabi/lib/armv7e-m/fpu/fpv5-d16\libc_nano.a(lib_a-init.o)
                0x08001b34                __libc_init_array
 *(.glue_7)
 .glue_7        0x08001b7c        0x0 linker stubs
 *(.glue_7t)
 .glue_7t       0x08001b7c        0x0 linker stubs
 *(.eh_frame)
 .eh_frame      0x08001b7c        0x0 c:/program files (x86)/atollic/truestudio for stm32 9.0.0/armtools/bin/../lib/gcc/arm-atollic-eabi/6.3.1/armv7e-m/fpu/fpv5-d16/crtbegin.o
 *(.init)
 .init          0x08001b7c        0x4 c:/program files (x86)/atollic/truestudio for stm32 9.0.0/armtools/bin/../lib/gcc/arm-atollic-eabi/6.3.1/armv7e-m/fpu/fpv5-d16/crti.o
                0x08001b7c                _init
 .init          0x08001b80        0x8 c:/program files (x86)/atollic/truestudio for stm32 9.0.0/armtools/bin/../lib/gcc/arm-atollic-eabi/6.3.1/armv7e-m/fpu/fpv5-d16/crtn.o
 *(.fini)
 .fini          0x08001b88        0x4 c:/program files (x86)/atollic/truestudio for stm32 9.0.0/armtools/bin/../lib/gcc/arm-atollic-eabi/6.3.1/armv7e-m/fpu/fpv5-d16/crti.o
                0x08001b88                _fini
 .fini          0x08001b8c        0x8 c:/program files (x86)/atollic/truestudio for stm32 9.0.0/armtools/bin/../lib/gcc/arm-atollic-eabi/6.3.1/armv7e-m/fpu/fpv5-d16/crtn.o
                0x08001b94                . = ALIGN (0x4)
                0x08001b94                _etext = .

.vfp11_veneer   0x08001b94        0x0
 .vfp11_veneer  0x08001b94        0x0 linker stubs

.v4_bx          0x08001b94        0x0
 .v4_bx         0x08001b94        0x0 linker stubs

.iplt           0x08001b94        0x0
 .iplt          0x08001b94        0x0 c:/program files (x86)/atollic/truestudio for stm32 9.0.0/armtools/bin/../lib/gcc/arm-atollic-eabi/6.3.1/armv7e-m/fpu/fpv5-d16/crtbegin.o

.rodata         0x08001b94       0x74
                0x08001b94                . = ALIGN (0x4)
 *(.rodata)
 *(.rodata*)
 .rodata.flagBitshiftOffset.9609
                0x08001b94        0x8 Drivers\STM32F7xx_HAL_Driver\Src\stm32f7xx_hal_dma.o
 .rodata.aTxBuffer
                0x08001b9c       0x40 Src\main.o
                0x08001b9c                aTxBuffer
 .rodata.HAL_DAC_MspInit.str1.1
                0x08001bdc       0x1b Src\stm32f7xx_hal_msp.o
 .rodata.AHBPrescTable
                0x08001bf7       0x10 Src\system_stm32f7xx.o
                0x08001bf7                AHBPrescTable
                0x08001c08                . = ALIGN (0x4)
 *fill*         0x08001c07        0x1 

.rel.dyn        0x08001c08        0x0
 .rel.iplt      0x08001c08        0x0 c:/program files (x86)/atollic/truestudio for stm32 9.0.0/armtools/bin/../lib/gcc/arm-atollic-eabi/6.3.1/armv7e-m/fpu/fpv5-d16/crtbegin.o

.ARM.extab
 *(.ARM.extab* .gnu.linkonce.armextab.*)

.ARM            0x08001c08        0x0
                0x08001c08                __exidx_start = .
 *(.ARM.exidx*)
                0x08001c08                __exidx_end = .

.preinit_array  0x08001c08        0x0
                0x08001c08                PROVIDE (__preinit_array_start, .)
 *(.preinit_array*)
                0x08001c08                PROVIDE (__preinit_array_end, .)

.init_array     0x08001c08        0x4
                0x08001c08                PROVIDE (__init_array_start, .)
 *(SORT(.init_array.*))
 *(.init_array*)
 .init_array    0x08001c08        0x4 c:/program files (x86)/atollic/truestudio for stm32 9.0.0/armtools/bin/../lib/gcc/arm-atollic-eabi/6.3.1/armv7e-m/fpu/fpv5-d16/crtbegin.o
                0x08001c0c                PROVIDE (__init_array_end, .)

.fini_array     0x08001c0c        0x4
                [!provide]                PROVIDE (__fini_array_start, .)
 *(SORT(.fini_array.*))
 *(.fini_array*)
 .fini_array    0x08001c0c        0x4 c:/program files (x86)/atollic/truestudio for stm32 9.0.0/armtools/bin/../lib/gcc/arm-atollic-eabi/6.3.1/armv7e-m/fpu/fpv5-d16/crtbegin.o
                [!provide]                PROVIDE (__fini_array_end, .)
                0x08001c10                _sidata = LOADADDR (.data)

.data           0x20000000        0x4 load address 0x08001c10
                0x20000000                . = ALIGN (0x4)
                0x20000000                _sdata = .
 *(.data)
 *(.data*)
 .data.SystemCoreClock
                0x20000000        0x4 Src\system_stm32f7xx.o
                0x20000000                SystemCoreClock
                0x20000004                . = ALIGN (0x4)
                0x20000004                _edata = .

.igot.plt       0x20000004        0x0 load address 0x08001c14
 .igot.plt      0x20000004        0x0 c:/program files (x86)/atollic/truestudio for stm32 9.0.0/armtools/bin/../lib/gcc/arm-atollic-eabi/6.3.1/armv7e-m/fpu/fpv5-d16/crtbegin.o
                0x20000004                . = ALIGN (0x4)

.bss            0x20000004       0xd4 load address 0x08001c14
                0x20000004                _sbss = .
                0x20000004                __bss_start__ = _sbss
 *(.bss)
 .bss           0x20000004       0x1c c:/program files (x86)/atollic/truestudio for stm32 9.0.0/armtools/bin/../lib/gcc/arm-atollic-eabi/6.3.1/armv7e-m/fpu/fpv5-d16/crtbegin.o
 *(.bss*)
 *(COMMON)
 COMMON         0x20000020        0x4 Drivers\STM32F7xx_HAL_Driver\Src\stm32f7xx_hal.o
                0x20000020                uwTick
 COMMON         0x20000024       0xb4 Src\main.o
                0x20000024                hdma_dac1
                0x20000084                hdac
                0x20000098                htim6
                0x200000d8                . = ALIGN (0x4)
                0x200000d8                _ebss = .
                0x200000d8                __bss_end__ = _ebss

._user_heap_stack
                0x200000d8      0x600 load address 0x08001c14
                0x200000d8                . = ALIGN (0x4)
                [!provide]                PROVIDE (end, .)
                [!provide]                PROVIDE (_end, .)
                0x200002d8                . = (. + _Min_Heap_Size)
 *fill*         0x200000d8      0x200 
                0x200006d8                . = (. + _Min_Stack_Size)
 *fill*         0x200002d8      0x400 
                0x200006d8                . = ALIGN (0x4)

/DISCARD/
 libc.a(*)
 libm.a(*)
 libgcc.a(*)

.ARM.attributes
                0x00000000       0x2e
 *(.ARM.attributes)
 .ARM.attributes
                0x00000000       0x20 c:/program files (x86)/atollic/truestudio for stm32 9.0.0/armtools/bin/../lib/gcc/arm-atollic-eabi/6.3.1/armv7e-m/fpu/fpv5-d16/crti.o
 .ARM.attributes
                0x00000020       0x32 c:/program files (x86)/atollic/truestudio for stm32 9.0.0/armtools/bin/../lib/gcc/arm-atollic-eabi/6.3.1/armv7e-m/fpu/fpv5-d16/crtbegin.o
 .ARM.attributes
                0x00000052       0x37 Drivers\STM32F7xx_HAL_Driver\Src\stm32f7xx_hal.o
 .ARM.attributes
                0x00000089       0x37 Drivers\STM32F7xx_HAL_Driver\Src\stm32f7xx_hal_cortex.o
 .ARM.attributes
                0x000000c0       0x37 Drivers\STM32F7xx_HAL_Driver\Src\stm32f7xx_hal_dac.o
 .ARM.attributes
                0x000000f7       0x37 Drivers\STM32F7xx_HAL_Driver\Src\stm32f7xx_hal_dac_ex.o
 .ARM.attributes
                0x0000012e       0x37 Drivers\STM32F7xx_HAL_Driver\Src\stm32f7xx_hal_dma.o
 .ARM.attributes
                0x00000165       0x37 Drivers\STM32F7xx_HAL_Driver\Src\stm32f7xx_hal_gpio.o
 .ARM.attributes
                0x0000019c       0x37 Drivers\STM32F7xx_HAL_Driver\Src\stm32f7xx_hal_rcc.o
 .ARM.attributes
                0x000001d3       0x37 Drivers\STM32F7xx_HAL_Driver\Src\stm32f7xx_hal_tim.o
 .ARM.attributes
                0x0000020a       0x37 Drivers\STM32F7xx_HAL_Driver\Src\stm32f7xx_hal_tim_ex.o
 .ARM.attributes
                0x00000241       0x37 Src\main.o
 .ARM.attributes
                0x00000278       0x37 Src\stm32f7xx_hal_msp.o
 .ARM.attributes
                0x000002af       0x37 Src\stm32f7xx_it.o
 .ARM.attributes
                0x000002e6       0x37 Src\system_stm32f7xx.o
 .ARM.attributes
                0x0000031d       0x21 startup\startup_stm32f769xx.o
 .ARM.attributes
                0x0000033e       0x32 c:/program files (x86)/atollic/truestudio for stm32 9.0.0/armtools/bin/../lib/gcc/arm-atollic-eabi/6.3.1/../../../../arm-atollic-eabi/lib/armv7e-m/fpu/fpv5-d16\libc_nano.a(lib_a-init.o)
 .ARM.attributes
                0x00000370       0x20 c:/program files (x86)/atollic/truestudio for stm32 9.0.0/armtools/bin/../lib/gcc/arm-atollic-eabi/6.3.1/armv7e-m/fpu/fpv5-d16/crtn.o
OUTPUT(DMA_double_buff_DAC.elf elf32-littlearm)

.debug_info     0x00000000    0x137b5
 .debug_info    0x00000000     0x120f Drivers\STM32F7xx_HAL_Driver\Src\stm32f7xx_hal.o
 .debug_info    0x0000120f     0x19ae Drivers\STM32F7xx_HAL_Driver\Src\stm32f7xx_hal_cortex.o
 .debug_info    0x00002bbd     0x1287 Drivers\STM32F7xx_HAL_Driver\Src\stm32f7xx_hal_dac.o
 .debug_info    0x00003e44      0xf9e Drivers\STM32F7xx_HAL_Driver\Src\stm32f7xx_hal_dac_ex.o
 .debug_info    0x00004de2     0x125c Drivers\STM32F7xx_HAL_Driver\Src\stm32f7xx_hal_dma.o
 .debug_info    0x0000603e      0xfbc Drivers\STM32F7xx_HAL_Driver\Src\stm32f7xx_hal_gpio.o
 .debug_info    0x00006ffa     0x12c4 Drivers\STM32F7xx_HAL_Driver\Src\stm32f7xx_hal_rcc.o
 .debug_info    0x000082be     0x3acd Drivers\STM32F7xx_HAL_Driver\Src\stm32f7xx_hal_tim.o
 .debug_info    0x0000bd8b     0x1e5c Drivers\STM32F7xx_HAL_Driver\Src\stm32f7xx_hal_tim_ex.o
 .debug_info    0x0000dbe7     0x234b Src\main.o
 .debug_info    0x0000ff32     0x183f Src\stm32f7xx_hal_msp.o
 .debug_info    0x00011771     0x1066 Src\stm32f7xx_it.o
 .debug_info    0x000127d7      0xf05 Src\system_stm32f7xx.o
 .debug_info    0x000136dc       0xd9 startup\startup_stm32f769xx.o

.debug_abbrev   0x00000000     0x24fd
 .debug_abbrev  0x00000000      0x2a4 Drivers\STM32F7xx_HAL_Driver\Src\stm32f7xx_hal.o
 .debug_abbrev  0x000002a4      0x399 Drivers\STM32F7xx_HAL_Driver\Src\stm32f7xx_hal_cortex.o
 .debug_abbrev  0x0000063d      0x2f4 Drivers\STM32F7xx_HAL_Driver\Src\stm32f7xx_hal_dac.o
 .debug_abbrev  0x00000931      0x290 Drivers\STM32F7xx_HAL_Driver\Src\stm32f7xx_hal_dac_ex.o
 .debug_abbrev  0x00000bc1      0x34a Drivers\STM32F7xx_HAL_Driver\Src\stm32f7xx_hal_dma.o
 .debug_abbrev  0x00000f0b      0x268 Drivers\STM32F7xx_HAL_Driver\Src\stm32f7xx_hal_gpio.o
 .debug_abbrev  0x00001173      0x34b Drivers\STM32F7xx_HAL_Driver\Src\stm32f7xx_hal_rcc.o
 .debug_abbrev  0x000014be      0x3ac Drivers\STM32F7xx_HAL_Driver\Src\stm32f7xx_hal_tim.o
 .debug_abbrev  0x0000186a      0x30d Drivers\STM32F7xx_HAL_Driver\Src\stm32f7xx_hal_tim_ex.o
 .debug_abbrev  0x00001b77      0x34d Src\main.o
 .debug_abbrev  0x00001ec4      0x258 Src\stm32f7xx_hal_msp.o
 .debug_abbrev  0x0000211c      0x1e9 Src\stm32f7xx_it.o
 .debug_abbrev  0x00002305      0x1e6 Src\system_stm32f7xx.o
 .debug_abbrev  0x000024eb       0x12 startup\startup_stm32f769xx.o

.debug_loc      0x00000000     0x601d
 .debug_loc     0x00000000       0x6a Drivers\STM32F7xx_HAL_Driver\Src\stm32f7xx_hal.o
 .debug_loc     0x0000006a      0x536 Drivers\STM32F7xx_HAL_Driver\Src\stm32f7xx_hal_cortex.o
 .debug_loc     0x000005a0      0x6ab Drivers\STM32F7xx_HAL_Driver\Src\stm32f7xx_hal_dac.o
 .debug_loc     0x00000c4b      0x266 Drivers\STM32F7xx_HAL_Driver\Src\stm32f7xx_hal_dac_ex.o
 .debug_loc     0x00000eb1      0x7ed Drivers\STM32F7xx_HAL_Driver\Src\stm32f7xx_hal_dma.o
 .debug_loc     0x0000169e      0x3cd Drivers\STM32F7xx_HAL_Driver\Src\stm32f7xx_hal_gpio.o
 .debug_loc     0x00001a6b      0x37e Drivers\STM32F7xx_HAL_Driver\Src\stm32f7xx_hal_rcc.o
 .debug_loc     0x00001de9     0x2eb3 Drivers\STM32F7xx_HAL_Driver\Src\stm32f7xx_hal_tim.o
 .debug_loc     0x00004c9c     0x11e1 Drivers\STM32F7xx_HAL_Driver\Src\stm32f7xx_hal_tim_ex.o
 .debug_loc     0x00005e7d       0x21 Src\main.o
 .debug_loc     0x00005e9e       0x63 Src\stm32f7xx_hal_msp.o
 .debug_loc     0x00005f01      0x11c Src\system_stm32f7xx.o

.debug_aranges  0x00000000      0x868
 .debug_aranges
                0x00000000       0xf0 Drivers\STM32F7xx_HAL_Driver\Src\stm32f7xx_hal.o
 .debug_aranges
                0x000000f0       0xa8 Drivers\STM32F7xx_HAL_Driver\Src\stm32f7xx_hal_cortex.o
 .debug_aranges
                0x00000198       0x98 Drivers\STM32F7xx_HAL_Driver\Src\stm32f7xx_hal_dac.o
 .debug_aranges
                0x00000230       0x58 Drivers\STM32F7xx_HAL_Driver\Src\stm32f7xx_hal_dac_ex.o
 .debug_aranges
                0x00000288       0x80 Drivers\STM32F7xx_HAL_Driver\Src\stm32f7xx_hal_dma.o
 .debug_aranges
                0x00000308       0x58 Drivers\STM32F7xx_HAL_Driver\Src\stm32f7xx_hal_gpio.o
 .debug_aranges
                0x00000360       0x88 Drivers\STM32F7xx_HAL_Driver\Src\stm32f7xx_hal_rcc.o
 .debug_aranges
                0x000003e8      0x260 Drivers\STM32F7xx_HAL_Driver\Src\stm32f7xx_hal_tim.o
 .debug_aranges
                0x00000648      0x128 Drivers\STM32F7xx_HAL_Driver\Src\stm32f7xx_hal_tim_ex.o
 .debug_aranges
                0x00000770       0x38 Src\main.o
 .debug_aranges
                0x000007a8       0x40 Src\stm32f7xx_hal_msp.o
 .debug_aranges
                0x000007e8       0x30 Src\stm32f7xx_it.o
 .debug_aranges
                0x00000818       0x28 Src\system_stm32f7xx.o
 .debug_aranges
                0x00000840       0x28 startup\startup_stm32f769xx.o

.debug_ranges   0x00000000      0xb30
 .debug_ranges  0x00000000       0xe0 Drivers\STM32F7xx_HAL_Driver\Src\stm32f7xx_hal.o
 .debug_ranges  0x000000e0      0x138 Drivers\STM32F7xx_HAL_Driver\Src\stm32f7xx_hal_cortex.o
 .debug_ranges  0x00000218       0x88 Drivers\STM32F7xx_HAL_Driver\Src\stm32f7xx_hal_dac.o
 .debug_ranges  0x000002a0       0x48 Drivers\STM32F7xx_HAL_Driver\Src\stm32f7xx_hal_dac_ex.o
 .debug_ranges  0x000002e8       0xd0 Drivers\STM32F7xx_HAL_Driver\Src\stm32f7xx_hal_dma.o
 .debug_ranges  0x000003b8       0x70 Drivers\STM32F7xx_HAL_Driver\Src\stm32f7xx_hal_gpio.o
 .debug_ranges  0x00000428       0xf0 Drivers\STM32F7xx_HAL_Driver\Src\stm32f7xx_hal_rcc.o
 .debug_ranges  0x00000518      0x318 Drivers\STM32F7xx_HAL_Driver\Src\stm32f7xx_hal_tim.o
 .debug_ranges  0x00000830      0x118 Drivers\STM32F7xx_HAL_Driver\Src\stm32f7xx_hal_tim_ex.o
 .debug_ranges  0x00000948      0x138 Src\main.o
 .debug_ranges  0x00000a80       0x58 Src\stm32f7xx_hal_msp.o
 .debug_ranges  0x00000ad8       0x20 Src\stm32f7xx_it.o
 .debug_ranges  0x00000af8       0x18 Src\system_stm32f7xx.o
 .debug_ranges  0x00000b10       0x20 startup\startup_stm32f769xx.o

.debug_line     0x00000000     0x4ed7
 .debug_line    0x00000000      0x48a Drivers\STM32F7xx_HAL_Driver\Src\stm32f7xx_hal.o
 .debug_line    0x0000048a      0x4e3 Drivers\STM32F7xx_HAL_Driver\Src\stm32f7xx_hal_cortex.o
 .debug_line    0x0000096d      0x55a Drivers\STM32F7xx_HAL_Driver\Src\stm32f7xx_hal_dac.o
 .debug_line    0x00000ec7      0x3af Drivers\STM32F7xx_HAL_Driver\Src\stm32f7xx_hal_dac_ex.o
 .debug_line    0x00001276      0x604 Drivers\STM32F7xx_HAL_Driver\Src\stm32f7xx_hal_dma.o
 .debug_line    0x0000187a      0x4a8 Drivers\STM32F7xx_HAL_Driver\Src\stm32f7xx_hal_gpio.o
 .debug_line    0x00001d22      0x5ff Drivers\STM32F7xx_HAL_Driver\Src\stm32f7xx_hal_rcc.o
 .debug_line    0x00002321     0x12ba Drivers\STM32F7xx_HAL_Driver\Src\stm32f7xx_hal_tim.o
 .debug_line    0x000035db      0x9af Drivers\STM32F7xx_HAL_Driver\Src\stm32f7xx_hal_tim_ex.o
 .debug_line    0x00003f8a      0x5c7 Src\main.o
 .debug_line    0x00004551      0x382 Src\stm32f7xx_hal_msp.o
 .debug_line    0x000048d3      0x311 Src\stm32f7xx_it.o
 .debug_line    0x00004be4      0x274 Src\system_stm32f7xx.o
 .debug_line    0x00004e58       0x7f startup\startup_stm32f769xx.o

.debug_str      0x00000000     0x3a6c
 .debug_str     0x00000000     0x10be Drivers\STM32F7xx_HAL_Driver\Src\stm32f7xx_hal.o
                               0x1159 (size before relaxing)
 .debug_str     0x000010be      0x493 Drivers\STM32F7xx_HAL_Driver\Src\stm32f7xx_hal_cortex.o
                               0x1317 (size before relaxing)
 .debug_str     0x00001551      0x59c Drivers\STM32F7xx_HAL_Driver\Src\stm32f7xx_hal_dac.o
                                0xca7 (size before relaxing)
 .debug_str     0x00001aed      0x143 Drivers\STM32F7xx_HAL_Driver\Src\stm32f7xx_hal_dac_ex.o
                                0xb97 (size before relaxing)
 .debug_str     0x00001c30      0x2f7 Drivers\STM32F7xx_HAL_Driver\Src\stm32f7xx_hal_dma.o
                                0xc4b (size before relaxing)
 .debug_str     0x00001f27      0x1ab Drivers\STM32F7xx_HAL_Driver\Src\stm32f7xx_hal_gpio.o
                                0x9e2 (size before relaxing)
 .debug_str     0x000020d2      0x317 Drivers\STM32F7xx_HAL_Driver\Src\stm32f7xx_hal_rcc.o
                                0xbb5 (size before relaxing)
 .debug_str     0x000023e9      0xf0b Drivers\STM32F7xx_HAL_Driver\Src\stm32f7xx_hal_tim.o
                               0x18ac (size before relaxing)
 .debug_str     0x000032f4      0x636 Drivers\STM32F7xx_HAL_Driver\Src\stm32f7xx_hal_tim_ex.o
                               0x13f2 (size before relaxing)
 .debug_str     0x0000392a       0x86 Src\main.o
                               0x176e (size before relaxing)
 .debug_str     0x000039b0       0x25 Src\stm32f7xx_hal_msp.o
                               0x14df (size before relaxing)
 .debug_str     0x000039d5       0x52 Src\stm32f7xx_it.o
                                0xc7c (size before relaxing)
 .debug_str     0x00003a27       0x45 Src\system_stm32f7xx.o
                                0x90f (size before relaxing)

.comment        0x00000000       0x7c
 .comment       0x00000000       0x7c Drivers\STM32F7xx_HAL_Driver\Src\stm32f7xx_hal.o
                                 0x7d (size before relaxing)
 .comment       0x0000007c       0x7d Drivers\STM32F7xx_HAL_Driver\Src\stm32f7xx_hal_cortex.o
 .comment       0x0000007c       0x7d Drivers\STM32F7xx_HAL_Driver\Src\stm32f7xx_hal_dac.o
 .comment       0x0000007c       0x7d Drivers\STM32F7xx_HAL_Driver\Src\stm32f7xx_hal_dac_ex.o
 .comment       0x0000007c       0x7d Drivers\STM32F7xx_HAL_Driver\Src\stm32f7xx_hal_dma.o
 .comment       0x0000007c       0x7d Drivers\STM32F7xx_HAL_Driver\Src\stm32f7xx_hal_gpio.o
 .comment       0x0000007c       0x7d Drivers\STM32F7xx_HAL_Driver\Src\stm32f7xx_hal_rcc.o
 .comment       0x0000007c       0x7d Drivers\STM32F7xx_HAL_Driver\Src\stm32f7xx_hal_tim.o
 .comment       0x0000007c       0x7d Drivers\STM32F7xx_HAL_Driver\Src\stm32f7xx_hal_tim_ex.o
 .comment       0x0000007c       0x7d Src\main.o
 .comment       0x0000007c       0x7d Src\stm32f7xx_hal_msp.o
 .comment       0x0000007c       0x7d Src\stm32f7xx_it.o
 .comment       0x0000007c       0x7d Src\system_stm32f7xx.o

.debug_frame    0x00000000     0x17a4
 .debug_frame   0x00000000      0x1f4 Drivers\STM32F7xx_HAL_Driver\Src\stm32f7xx_hal.o
 .debug_frame   0x000001f4      0x158 Drivers\STM32F7xx_HAL_Driver\Src\stm32f7xx_hal_cortex.o
 .debug_frame   0x0000034c      0x1dc Drivers\STM32F7xx_HAL_Driver\Src\stm32f7xx_hal_dac.o
 .debug_frame   0x00000528       0xf0 Drivers\STM32F7xx_HAL_Driver\Src\stm32f7xx_hal_dac_ex.o
 .debug_frame   0x00000618      0x150 Drivers\STM32F7xx_HAL_Driver\Src\stm32f7xx_hal_dma.o
 .debug_frame   0x00000768       0xd8 Drivers\STM32F7xx_HAL_Driver\Src\stm32f7xx_hal_gpio.o
 .debug_frame   0x00000840      0x134 Drivers\STM32F7xx_HAL_Driver\Src\stm32f7xx_hal_rcc.o
 .debug_frame   0x00000974      0x87c Drivers\STM32F7xx_HAL_Driver\Src\stm32f7xx_hal_tim.o
 .debug_frame   0x000011f0      0x3f4 Drivers\STM32F7xx_HAL_Driver\Src\stm32f7xx_hal_tim_ex.o
 .debug_frame   0x000015e4       0x6c Src\main.o
 .debug_frame   0x00001650       0x98 Src\stm32f7xx_hal_msp.o
 .debug_frame   0x000016e8       0x58 Src\stm32f7xx_it.o
 .debug_frame   0x00001740       0x38 Src\system_stm32f7xx.o
 .debug_frame   0x00001778       0x2c c:/program files (x86)/atollic/truestudio for stm32 9.0.0/armtools/bin/../lib/gcc/arm-atollic-eabi/6.3.1/../../../../arm-atollic-eabi/lib/armv7e-m/fpu/fpv5-d16\libc_nano.a(lib_a-init.o)
