stm32f7xx_hal_dac_ex.c:104:10:HAL_DACEx_DualGetValue	0	static
stm32f7xx_hal_dac_ex.c:140:19:HAL_DACEx_TriangleWaveGenerate	12	static
stm32f7xx_hal_dac_ex.c:189:19:HAL_DACEx_NoiseWaveGenerate	12	static
stm32f7xx_hal_dac_ex.c:229:19:HAL_DACEx_DualSetValue	0	static
stm32f7xx_hal_dac_ex.c:268:13:HAL_DACEx_ConvCpltCallbackCh2	0	static
stm32f7xx_hal_dac_ex.c:284:13:HAL_DACEx_ConvHalfCpltCallbackCh2	0	static
stm32f7xx_hal_dac_ex.c:300:13:HAL_DACEx_ErrorCallbackCh2	0	static
stm32f7xx_hal_dac_ex.c:316:13:HAL_DACEx_DMAUnderrunCallbackCh2	0	static
stm32f7xx_hal_dac_ex.c:332:6:DAC_DMAConvCpltCh2	8	static
stm32f7xx_hal_dac_ex.c:347:6:DAC_DMAHalfConvCpltCh2	8	static
stm32f7xx_hal_dac_ex.c:360:6:DAC_DMAErrorCh2	8	static
