stm32f7xx_hal_dac.c:301:13:HAL_DAC_MspInit	0	static
stm32f7xx_hal_dac.c:228:19:HAL_DAC_Init	8	static
stm32f7xx_hal_dac.c:317:13:HAL_DAC_MspDeInit	0	static
stm32f7xx_hal_dac.c:265:19:HAL_DAC_DeInit	8	static
stm32f7xx_hal_dac.c:359:19:HAL_DAC_Start	8	static
stm32f7xx_hal_dac.c:418:19:HAL_DAC_Stop	8	static
stm32f7xx_hal_dac.c:450:19:HAL_DAC_Start_DMA	24	static
stm32f7xx_hal_dac.c:569:19:HAL_DAC_Stop_DMA	8	static
stm32f7xx_hal_dac.c:619:10:HAL_DAC_GetValue	0	static
stm32f7xx_hal_dac.c:687:13:HAL_DAC_ConvCpltCallbackCh1	0	static
stm32f7xx_hal_dac.c:911:13:DAC_DMAConvCpltCh1	8	static
stm32f7xx_hal_dac.c:703:13:HAL_DAC_ConvHalfCpltCallbackCh1	0	static
stm32f7xx_hal_dac.c:926:13:DAC_DMAHalfConvCpltCh1	8	static
stm32f7xx_hal_dac.c:719:13:HAL_DAC_ErrorCallbackCh1	0	static
stm32f7xx_hal_dac.c:939:13:DAC_DMAErrorCh1	8	static
stm32f7xx_hal_dac.c:735:13:HAL_DAC_DMAUnderrunCallbackCh1	0	static
stm32f7xx_hal_dac.c:641:6:HAL_DAC_IRQHandler	8	static
stm32f7xx_hal_dac.c:775:19:HAL_DAC_ConfigChannel	12	static
stm32f7xx_hal_dac.c:831:19:HAL_DAC_SetValue	16	static
stm32f7xx_hal_dac.c:883:22:HAL_DAC_GetState	0	static
stm32f7xx_hal_dac.c:896:10:HAL_DAC_GetError	0	static
